git init
Initialized empty Git repository in /Users/antoine/git/snippetR/.git/
]0;~/git/snippetRclient-172-18-67-60:snippetR antoine$ git remote add origin git@framagit.org:aneuraz/snippetr.git
]0;~/git/snippetRclient-172-18-67-60:snippetR antoine$ git add .
]0;~/git/snippetRclient-172-18-67-60:snippetR antoine$ git commit -m "Initial commit"
[master (root-commit) 79d215e] Initial commit
 Committer: Antoine Neuraz <antoine@client-172-18-67-60.clients.u-psud.fr>
Your name and email address were configured automatically based
on your username and hostname. Please check that they are accurate.
You can suppress this message by setting them explicitly. Run the
following command and follow the instructions in your editor to edit
your configuration file:

    git config --global --edit

After doing this, you may fix the identity used for this commit with:

    git commit --amend --reset-author

 64 files changed, 8796 insertions(+)
 create mode 100644 .DS_Store
 create mode 100644 .Rhistory
 create mode 100644 .Rproj.user/95739CD1/build_options
 create mode 100644 .Rproj.user/95739CD1/console06/1199BEC6
 create mode 100644 .Rproj.user/95739CD1/console06/1199BEC6.env
 create mode 100644 .Rproj.user/95739CD1/console06/INDEX001
 create mode 100644 .Rproj.user/95739CD1/pcs/debug-breakpoints.pper
 create mode 100644 .Rproj.user/95739CD1/pcs/files-pane.pper
 create mode 100644 .Rproj.user/95739CD1/pcs/source-pane.pper
 create mode 100644 .Rproj.user/95739CD1/pcs/windowlayoutstate.pper
 create mode 100644 .Rproj.user/95739CD1/pcs/workbench-pane.pper
 create mode 100644 .Rproj.user/95739CD1/persistent-state
 create mode 100644 .Rproj.user/95739CD1/rmd-outputs
 create mode 100644 .Rproj.user/95739CD1/saved_source_markers
 create mode 100644 .Rproj.user/95739CD1/sources/prop/775010B
 create mode 100644 .Rproj.user/95739CD1/sources/prop/AF0CF12B
 create mode 100644 .Rproj.user/95739CD1/sources/prop/C537FDF5
 create mode 100644 .Rproj.user/95739CD1/sources/prop/E3192340
 create mode 100644 .Rproj.user/95739CD1/sources/prop/INDEX
 create mode 100644 .Rproj.user/95739CD1/sources/s-5D6381BC/2068AFA3
 create mode 100644 .Rproj.user/95739CD1/sources/s-5D6381BC/2068AFA3-contents
 create mode 100644 .Rproj.user/95739CD1/sources/s-5D6381BC/30EAC6DB
 create mode 100644 .Rproj.user/95739CD1/sources/s-5D6381BC/30EAC6DB-contents
 create mode 100644 .Rproj.user/95739CD1/sources/s-5D6381BC/55892A69
 create mode 100644 .Rproj.user/95739CD1/sources/s-5D6381BC/55892A69-contents
 create mode 100644 .Rproj.user/95739CD1/sources/s-5D6381BC/5955455A
 create mode 100644 .Rproj.user/95739CD1/sources/s-5D6381BC/5955455A-contents
 create mode 100644 .Rproj.user/95739CD1/sources/s-5D6381BC/lock_file
 create mode 100644 .Rproj.user/shared/notebooks/patch-chunk-names
 create mode 100644 .Rproj.user/shared/notebooks/paths
 create mode 100644 _posts/2018-10-02-ideal-number-of-bins-for-histograms/citations.bib
 create mode 100644 _posts/2018-10-02-ideal-number-of-bins-for-histograms/ideal-number-of-bins-for-histograms.Rmd
 create mode 100644 _posts/2018-10-02-ideal-number-of-bins-for-histograms/ideal-number-of-bins-for-histograms.html
 create mode 100644 _posts/2018-10-02-ideal-number-of-bins-for-histograms/ideal-number-of-bins-for-histograms_files/bowser-1.9.3/bowser.min.js
 create mode 100644 _posts/2018-10-02-ideal-number-of-bins-for-histograms/ideal-number-of-bins-for-histograms_files/distill-2.2.21/template.v2.js
 create mode 100644 _posts/2018-10-02-ideal-number-of-bins-for-histograms/ideal-number-of-bins-for-histograms_files/figure-html5/unnamed-chunk-6-1.png
 create mode 100644 _posts/2018-10-02-ideal-number-of-bins-for-histograms/ideal-number-of-bins-for-histograms_files/figure-html5/unnamed-chunk-7-1.png
 create mode 100644 _posts/2018-10-02-ideal-number-of-bins-for-histograms/ideal-number-of-bins-for-histograms_files/figure-html5/unnamed-chunk-8-1.png
 create mode 100644 _posts/2018-10-02-ideal-number-of-bins-for-histograms/ideal-number-of-bins-for-histograms_files/jquery-1.11.3/jquery.min.js
 create mode 100644 _posts/2018-10-02-ideal-number-of-bins-for-histograms/ideal-number-of-bins-for-histograms_files/webcomponents-2.0.0/webcomponents.js
 create mode 100644 _posts/welcome/welcome.Rmd
 create mode 100644 _site.yml
 create mode 100644 _site/about.html
 create mode 100644 _site/index.html
 create mode 100644 _site/posts/2018-10-02-ideal-number-of-bins-for-histograms/citations.bib
 create mode 100644 _site/posts/2018-10-02-ideal-number-of-bins-for-histograms/ideal-number-of-bins-for-histograms_files/figure-html5/unnamed-chunk-6-1.png
 create mode 100644 _site/posts/2018-10-02-ideal-number-of-bins-for-histograms/ideal-number-of-bins-for-histograms_files/figure-html5/unnamed-chunk-7-1.png
 create mode 100644 _site/posts/2018-10-02-ideal-number-of-bins-for-histograms/ideal-number-of-bins-for-histograms_files/figure-html5/unnamed-chunk-8-1.png
 create mode 100644 _site/posts/2018-10-02-ideal-number-of-bins-for-histograms/index.html
 create mode 100644 _site/posts/posts.json
 create mode 100644 _site/site_libs/bowser-1.9.3/bowser.min.js
 create mode 100644 _site/site_libs/distill-2.2.21/template.v2.js
 create mode 100644 _site/site_libs/font-awesome-5.0.13/css/fa-svg-with-js.css
 create mode 100644 _site/site_libs/font-awesome-5.0.13/fonts/fa-brands-400.ttf
 create mode 100644 _site/site_libs/font-awesome-5.0.13/fonts/fa-regular-400.ttf
 create mode 100644 _site/site_libs/font-awesome-5.0.13/fonts/fa-solid-900.ttf
 create mode 100644 _site/site_libs/font-awesome-5.0.13/js/fa-v4-shims.min.js
 create mode 100644 _site/site_libs/font-awesome-5.0.13/js/fontawesome-all.min.js
 create mode 100644 _site/site_libs/headroom-0.9.4/headroom.min.js
 create mode 100644 _site/site_libs/jquery-1.11.3/jquery.min.js
 create mode 100644 _site/site_libs/webcomponents-2.0.0/webcomponents.js
 create mode 100644 about.Rmd
 create mode 100644 index.Rmd
 create mode 100644 snippetR.Rproj
]0;~/git/snippetRclient-172-18-67-60:snippetR antoine$ git push -u origin master`[K
The authenticity of host 'framagit.org (144.76.206.42)' can't be established.
ECDSA key fingerprint is SHA256:nO6L2sApWj/OkjW7avditV/dHOMEG/cV7Ps5z7yaS30.
Are you sure you want to continue connecting (yes/no)? yes
Warning: Permanently added 'framagit.org,144.76.206.42' (ECDSA) to the list of known hosts.
git@framagit.org's password: 
Permission denied, please try again.
git@framagit.org's password: 
Permission denied, please try again.
git@framagit.org's password: 
git@framagit.org: Permission denied (publickey,password).
fatal: Could not read from remote repository.

Please make sure you have the correct access rights
and the repository exists.
]0;~/git/snippetRclient-172-18-67-60:snippetR antoine$ git push -u origin master
git@framagit.org's password: 
Permission denied, please try again.
git@framagit.org's password: 

]0;~/git/snippetRclient-172-18-67-60:snippetR antoine$ ls
_posts		_site		_site.yml	about.Rmd	index.Rmd	snippetR.Rproj
]0;~/git/snippetRclient-172-18-67-60:snippetR antoine$ ls -a
.		.DS_Store	.Rproj.user	_posts		_site.yml	index.Rmd
..		.Rhistory	.git		_site		about.Rmd	snippetR.Rproj
]0;~/git/snippetRclient-172-18-67-60:snippetR antoine$ cd ?.[K[K.git
]0;~/git/snippetR/.gitclient-172-18-67-60:.git antoine$ ls
COMMIT_EDITMSG	branches	description	index		logs		refs
HEAD		config		hooks		info		objects
]0;~/git/snippetR/.gitclient-172-18-67-60:.git antoine$ nano config
>]0;~/git/snippetR/.gitclient-172-18-67-60:.git antoine$ nano configls[Knano config[Kgit remote add origin https://framagit.org/aneuraz/snippetr.git
]0;~/git/snippetR/.gitclient-172-18-67-60:.git antoine$ git remote add origin https://framagit.org/aneuraz/snippetr.git[C[C[C[C[C[C[C[C[C[C[C[C[C[C[C[C[C[C[C[C[C[C[C[C[C[C[C[C[C[C[C[C[C[Cnano config[Kls[Kcd .git[2Pls -a[Kgit push -u origin master
fatal: cannot run rpostback-askpass: No such file or directory
Username for 'https://framagit.org': aneuraz
fatal: cannot run rpostback-askpass: No such file or directory
Password for 'https://aneuraz@framagit.org': 
Counting objects: 78, done.
Delta compression using up to 4 threads.
Compressing objects:   1% (1/65)   Compressing objects:   3% (2/65)   Compressing objects:   4% (3/65)   Compressing objects:   6% (4/65)   Compressing objects:   7% (5/65)   Compressing objects:   9% (6/65)   Compressing objects:  10% (7/65)   Compressing objects:  12% (8/65)   Compressing objects:  13% (9/65)   Compressing objects:  15% (10/65)   Compressing objects:  16% (11/65)   Compressing objects:  18% (12/65)   Compressing objects:  20% (13/65)   Compressing objects:  21% (14/65)   Compressing objects:  23% (15/65)   Compressing objects:  24% (16/65)   Compressing objects:  26% (17/65)   Compressing objects:  27% (18/65)   Compressing objects:  29% (19/65)   Compressing objects:  30% (20/65)   Compressing objects:  32% (21/65)   Compressing objects:  33% (22/65)   Compressing objects:  35% (23/65)   Compressing objects:  36% (24/65)   Compressing objects:  38% (25/65)   Compressing objects:  40% (26/65)   Compressing objects:  41% (27/65)   Compressing objects:  43% (28/65)   Compressing objects:  44% (29/65)   Compressing objects:  46% (30/65)   Compressing objects:  47% (31/65)   Compressing objects:  49% (32/65)   Compressing objects:  50% (33/65)   Compressing objects:  52% (34/65)   Compressing objects:  53% (35/65)   Compressing objects:  55% (36/65)   Compressing objects:  56% (37/65)   Compressing objects:  58% (38/65)   Compressing objects:  60% (39/65)   Compressing objects:  61% (40/65)   Compressing objects:  63% (41/65)   Compressing objects:  64% (42/65)   Compressing objects:  66% (43/65)   Compressing objects:  67% (44/65)   Compressing objects:  69% (45/65)   Compressing objects:  70% (46/65)   Compressing objects:  72% (47/65)   Compressing objects:  73% (48/65)   Compressing objects:  75% (49/65)   Compressing objects:  76% (50/65)   Compressing objects:  78% (51/65)   Compressing objects:  80% (52/65)   Compressing objects:  81% (53/65)   Compressing objects:  83% (54/65)   Compressing objects:  84% (55/65)   Compressing objects:  86% (56/65)   Compressing objects:  87% (57/65)   Compressing objects:  89% (58/65)   Compressing objects:  90% (59/65)   Compressing objects:  92% (60/65)   Compressing objects:  93% (61/65)   Compressing objects:  95% (62/65)   Compressing objects:  96% (63/65)   Compressing objects:  98% (64/65)   Compressing objects: 100% (65/65)   Compressing objects: 100% (65/65), done.
Writing objects:   1% (1/78)   Writing objects:   2% (2/78)   Writing objects:   5% (4/78)   Writing objects:   6% (5/78)   Writing objects:   7% (6/78)   Writing objects:   8% (7/78)   Writing objects:  10% (8/78)   Writing objects:  11% (9/78)   Writing objects:  12% (10/78)   Writing objects:  14% (11/78)   Writing objects:  15% (12/78)   Writing objects:  16% (13/78)   Writing objects:  17% (14/78)   Writing objects:  19% (15/78)   Writing objects:  20% (16/78)   Writing objects:  21% (17/78)   Writing objects:  23% (18/78)   Writing objects:  24% (19/78)   Writing objects:  25% (20/78)   Writing objects:  26% (21/78)   Writing objects:  28% (22/78)   Writing objects:  29% (23/78)   Writing objects:  30% (24/78)   Writing objects:  32% (25/78)   Writing objects:  33% (26/78)   Writing objects:  35% (28/78)   Writing objects:  37% (29/78)   Writing objects:  38% (30/78)   Writing objects:  39% (31/78)   Writing objects:  41% (32/78)   Writing objects:  42% (33/78)   Writing objects:  43% (34/78)   Writing objects:  44% (35/78)   Writing objects:  46% (36/78)   Writing objects:  47% (37/78)   Writing objects:  48% (38/78)   Writing objects:  50% (39/78)   Writing objects:  51% (40/78)   Writing objects:  52% (41/78)   Writing objects:  53% (42/78)   Writing objects:  57% (45/78)   Writing objects:  58% (46/78)   Writing objects:  60% (47/78)   Writing objects:  61% (48/78)   Writing objects:  62% (49/78)   Writing objects:  64% (50/78)   Writing objects:  65% (51/78)   Writing objects:  66% (52/78)   Writing objects:  67% (53/78)   Writing objects:  69% (54/78)   Writing objects:  70% (55/78)   Writing objects:  71% (56/78)   Writing objects:  73% (57/78)   Writing objects:  74% (58/78)   Writing objects:  75% (59/78)   Writing objects:  76% (60/78)   Writing objects:  78% (61/78)   Writing objects:  79% (62/78)   Writing objects:  80% (63/78)   Writing objects:  82% (64/78)   Writing objects:  83% (65/78)   Writing objects:  84% (66/78)   Writing objects:  85% (67/78)   Writing objects:  87% (68/78)   Writing objects:  88% (69/78)   Writing objects:  89% (70/78)   Writing objects:  91% (71/78)   Writing objects:  92% (72/78)   Writing objects:  93% (73/78)   Writing objects:  94% (74/78)   Writing objects:  96% (75/78)   Writing objects:  97% (76/78)   Writing objects:  98% (77/78)   Writing objects: 100% (78/78)   Writing objects: 100% (78/78), 764.90 KiB | 4.23 MiB/s, done.
Total 78 (delta 7), reused 0 (delta 0)
To https://framagit.org/aneuraz/snippetr.git
 * [new branch]      master -> master
Branch 'master' set up to track remote branch 'master' from 'origin'.
]0;~/git/snippetR/.gitclient-172-18-67-60:.git antoine$ nano config 
>]0;~/git/snippetR/.gitclient-172-18-67-60:.git antoine$ nano config git push -u origin master[13Pnano config [Kgit remote add origin https://github.com/aneuraz/snippetR.git
]0;~/git/snippetR/.gitclient-172-18-67-60:.git antoine$ git remote add origin https://github.com/aneuraz/snippetR.git[C[C[C[C[C[C[C[C[C[C[C[C[C[C[C[C[C[C[C[C[C[C[C[C[C[C[C[C[C[C[C[C[C[Cnano config [Kgit push -u origin masterremote add origin https://framagit.org/aneuraz/snippetr.git[C[C[C[C[C[C[C[C[C[C[C[C[C[C[C[C[C[C[C[C[C[C[C[C[C[C[C[C[C[C[C[C[C[C[C[C[C[C[38Ppush -u origin master
Counting objects: 78, done.
Delta compression using up to 4 threads.
Compressing objects:   1% (1/65)   Compressing objects:   3% (2/65)   Compressing objects:   4% (3/65)   Compressing objects:   6% (4/65)   Compressing objects:   7% (5/65)   Compressing objects:   9% (6/65)   Compressing objects:  10% (7/65)   Compressing objects:  12% (8/65)   Compressing objects:  13% (9/65)   Compressing objects:  15% (10/65)   Compressing objects:  16% (11/65)   Compressing objects:  18% (12/65)   Compressing objects:  20% (13/65)   Compressing objects:  21% (14/65)   Compressing objects:  23% (15/65)   Compressing objects:  24% (16/65)   Compressing objects:  26% (17/65)   Compressing objects:  27% (18/65)   Compressing objects:  29% (19/65)   Compressing objects:  30% (20/65)   Compressing objects:  32% (21/65)   Compressing objects:  33% (22/65)   Compressing objects:  35% (23/65)   Compressing objects:  36% (24/65)   Compressing objects:  38% (25/65)   Compressing objects:  40% (26/65)   Compressing objects:  41% (27/65)   Compressing objects:  43% (28/65)   Compressing objects:  44% (29/65)   Compressing objects:  46% (30/65)   Compressing objects:  47% (31/65)   Compressing objects:  49% (32/65)   Compressing objects:  50% (33/65)   Compressing objects:  52% (34/65)   Compressing objects:  53% (35/65)   Compressing objects:  55% (36/65)   Compressing objects:  56% (37/65)   Compressing objects:  58% (38/65)   Compressing objects:  60% (39/65)   Compressing objects:  61% (40/65)   Compressing objects:  63% (41/65)   Compressing objects:  64% (42/65)   Compressing objects:  66% (43/65)   Compressing objects:  67% (44/65)   Compressing objects:  69% (45/65)   Compressing objects:  70% (46/65)   Compressing objects:  72% (47/65)   Compressing objects:  73% (48/65)   Compressing objects:  75% (49/65)   Compressing objects:  76% (50/65)   Compressing objects:  78% (51/65)   Compressing objects:  80% (52/65)   Compressing objects:  81% (53/65)   Compressing objects:  83% (54/65)   Compressing objects:  84% (55/65)   Compressing objects:  86% (56/65)   Compressing objects:  87% (57/65)   Compressing objects:  89% (58/65)   Compressing objects:  90% (59/65)   Compressing objects:  92% (60/65)   Compressing objects:  93% (61/65)   Compressing objects:  95% (62/65)   Compressing objects:  96% (63/65)   Compressing objects:  98% (64/65)   Compressing objects: 100% (65/65)   Compressing objects: 100% (65/65), done.
Writing objects:   1% (1/78)   Writing objects:   2% (2/78)   Writing objects:   5% (4/78)   Writing objects:   6% (5/78)   Writing objects:   7% (6/78)   Writing objects:   8% (7/78)   Writing objects:  10% (8/78)   Writing objects:  11% (9/78)   Writing objects:  12% (10/78)   Writing objects:  14% (11/78)   Writing objects:  15% (12/78)   Writing objects:  16% (13/78)   Writing objects:  17% (14/78)   Writing objects:  19% (15/78)   Writing objects:  20% (16/78)   Writing objects:  21% (17/78)   Writing objects:  23% (18/78)   Writing objects:  24% (19/78)   Writing objects:  25% (20/78)   Writing objects:  26% (21/78)   Writing objects:  28% (22/78)   Writing objects:  29% (23/78)   Writing objects:  30% (24/78)   Writing objects:  32% (25/78)   Writing objects:  33% (26/78)   Writing objects:  35% (28/78)   Writing objects:  37% (29/78)   Writing objects:  38% (30/78)   Writing objects:  39% (31/78)   Writing objects:  41% (32/78)   Writing objects:  42% (33/78)   Writing objects:  43% (34/78)   Writing objects:  44% (35/78)   Writing objects:  46% (36/78)   Writing objects:  47% (37/78)   Writing objects:  48% (38/78)   Writing objects:  50% (39/78)   Writing objects:  51% (40/78)   Writing objects:  52% (41/78)   Writing objects:  53% (42/78)   Writing objects:  57% (45/78)   Writing objects:  58% (46/78)   Writing objects:  60% (47/78)   Writing objects:  61% (48/78)   Writing objects:  62% (49/78)   Writing objects:  64% (50/78)   Writing objects:  65% (51/78)   Writing objects:  66% (52/78)   Writing objects:  67% (53/78)   Writing objects:  69% (54/78)   Writing objects:  70% (55/78)   Writing objects:  71% (56/78)   Writing objects:  73% (57/78)   Writing objects:  74% (58/78)   Writing objects:  75% (59/78)   Writing objects:  76% (60/78)   Writing objects:  78% (61/78)   Writing objects:  79% (62/78)   Writing objects:  80% (63/78)   Writing objects:  82% (64/78)   Writing objects:  83% (65/78)   Writing objects:  84% (66/78)   Writing objects:  85% (67/78)   Writing objects:  87% (68/78)   Writing objects:  88% (69/78)   Writing objects:  89% (70/78)   Writing objects:  91% (71/78)   Writing objects:  92% (72/78)   Writing objects:  93% (73/78)   Writing objects:  94% (74/78)   Writing objects:  96% (75/78)   Writing objects:  97% (76/78)   Writing objects:  98% (77/78)   Writing objects: 100% (78/78)   Writing objects: 100% (78/78), 764.90 KiB | 4.53 MiB/s, done.
Total 78 (delta 7), reused 0 (delta 0)
remote: Resolving deltas:   0% (0/7)   [Kremote: Resolving deltas:  14% (1/7)   [Kremote: Resolving deltas:  57% (4/7)   [Kremote: Resolving deltas: 100% (7/7)   [Kremote: Resolving deltas: 100% (7/7), done.[K
remote: 
remote: Create a pull request for 'master' on GitHub by visiting:[K
remote:      https://github.com/aneuraz/snippetR/pull/new/master[K
remote: 
To https://github.com/aneuraz/snippetR.git
 * [new branch]      master -> master
Branch 'master' set up to track remote branch 'master' from 'origin'.
]0;~/git/snippetR/.gitclient-172-18-67-60:.git antoine$ cd
]0;~client-172-18-67-60:~ antoine$ cd git/snippet
]0;~/git/snippetclient-172-18-67-60:snippet antoine$ cd /[K..M/[K[K/snippetR
]0;~/git/snippetRclient-172-18-67-60:snippetR antoine$ ls
_posts		_site.yml	about.Rmd	docs		index.Rmd	snippetR.Rproj
]0;~/git/snippetRclient-172-18-67-60:snippetR antoine$ git status
On branch master
Your branch is up to date with 'origin/master'.

Changes not staged for commit:
  (use "git add/rm <file>..." to update what will be committed)
  (use "git checkout -- <file>..." to discard changes in working directory)

	[31mmodified:   .Rproj.user/95739CD1/console06/1199BEC6[m
	[31mmodified:   .Rproj.user/95739CD1/console06/1199BEC6.env[m
	[31mmodified:   .Rproj.user/95739CD1/sources/prop/E3192340[m
	[31mmodified:   .Rproj.user/95739CD1/sources/s-5D6381BC/55892A69[m
	[31mmodified:   .Rproj.user/95739CD1/sources/s-5D6381BC/55892A69-contents[m
	[31mmodified:   _site.yml[m
	[31mdeleted:    _site/about.html[m
	[31mdeleted:    _site/index.html[m
	[31mdeleted:    _site/posts/2018-10-02-ideal-number-of-bins-for-histograms/citations.bib[m
	[31mdeleted:    _site/posts/2018-10-02-ideal-number-of-bins-for-histograms/ideal-number-of-bins-for-histograms_files/figure-html5/unnamed-chunk-6-1.png[m
	[31mdeleted:    _site/posts/2018-10-02-ideal-number-of-bins-for-histograms/ideal-number-of-bins-for-histograms_files/figure-html5/unnamed-chunk-7-1.png[m
	[31mdeleted:    _site/posts/2018-10-02-ideal-number-of-bins-for-histograms/ideal-number-of-bins-for-histograms_files/figure-html5/unnamed-chunk-8-1.png[m
	[31mdeleted:    _site/posts/2018-10-02-ideal-number-of-bins-for-histograms/index.html[m
	[31mdeleted:    _site/posts/posts.json[m
	[31mdeleted:    _site/site_libs/bowser-1.9.3/bowser.min.js[m
	[31mdeleted:    _site/site_libs/distill-2.2.21/template.v2.js[m
	[31mdeleted:    _site/site_libs/font-awesome-5.0.13/css/fa-svg-with-js.css[m
	[31mdeleted:    _site/site_libs/font-awesome-5.0.13/fonts/fa-brands-400.ttf[m
	[31mdeleted:    _site/site_libs/font-awesome-5.0.13/fonts/fa-regular-400.ttf[m
	[31mdeleted:    _site/site_libs/font-awesome-5.0.13/fonts/fa-solid-900.ttf[m
	[31mdeleted:    _site/site_libs/font-awesome-5.0.13/js/fa-v4-shims.min.js[m
	[31mdeleted:    _site/site_libs/font-awesome-5.0.13/js/fontawesome-all.min.js[m
	[31mdeleted:    _site/site_libs/headroom-0.9.4/headroom.min.js[m
	[31mdeleted:    _site/site_libs/jquery-1.11.3/jquery.min.js[m
	[31mdeleted:    _site/site_libs/webcomponents-2.0.0/webcomponents.js[m

Untracked files:
  (use "git add <file>..." to include in what will be committed)

	[31mdocs/[m

no changes added to commit (use "git add" and/or "git commit -a")
]0;~/git/snippetRclient-172-18-67-60:snippetR antoine$ git commit -[K.
hint: Waiting for your editor to close the file... [?2004h[KAborting commit due to empty commit message.
]0;~/git/snippetRclient-172-18-67-60:snippetR antoine$ git commit . -m''m'o'v'e' 's'i't'e' 'a'[1P'a'[1P'p'a'g'e's'
[master 39dd74b] move site pages
 Committer: Antoine Neuraz <antoine@client-172-18-67-60.clients.u-psud.fr>
Your name and email address were configured automatically based
on your username and hostname. Please check that they are accurate.
You can suppress this message by setting them explicitly. Run the
following command and follow the instructions in your editor to edit
your configuration file:

    git config --global --edit

After doing this, you may fix the identity used for this commit with:

    git commit --amend --reset-author

 26 files changed, 199 insertions(+), 5812 deletions(-)
 rewrite .Rproj.user/95739CD1/console06/INDEX001 (69%)
 delete mode 100644 _site/about.html
 delete mode 100644 _site/index.html
 delete mode 100644 _site/posts/2018-10-02-ideal-number-of-bins-for-histograms/citations.bib
 delete mode 100644 _site/posts/2018-10-02-ideal-number-of-bins-for-histograms/ideal-number-of-bins-for-histograms_files/figure-html5/unnamed-chunk-6-1.png
 delete mode 100644 _site/posts/2018-10-02-ideal-number-of-bins-for-histograms/ideal-number-of-bins-for-histograms_files/figure-html5/unnamed-chunk-7-1.png
 delete mode 100644 _site/posts/2018-10-02-ideal-number-of-bins-for-histograms/ideal-number-of-bins-for-histograms_files/figure-html5/unnamed-chunk-8-1.png
 delete mode 100644 _site/posts/2018-10-02-ideal-number-of-bins-for-histograms/index.html
 delete mode 100644 _site/posts/posts.json
 delete mode 100644 _site/site_libs/bowser-1.9.3/bowser.min.js
 delete mode 100644 _site/site_libs/distill-2.2.21/template.v2.js
 delete mode 100644 _site/site_libs/font-awesome-5.0.13/css/fa-svg-with-js.css
 delete mode 100644 _site/site_libs/font-awesome-5.0.13/fonts/fa-brands-400.ttf
 delete mode 100644 _site/site_libs/font-awesome-5.0.13/fonts/fa-regular-400.ttf
 delete mode 100644 _site/site_libs/font-awesome-5.0.13/fonts/fa-solid-900.ttf
 delete mode 100644 _site/site_libs/font-awesome-5.0.13/js/fa-v4-shims.min.js
 delete mode 100644 _site/site_libs/font-awesome-5.0.13/js/fontawesome-all.min.js
 delete mode 100644 _site/site_libs/headroom-0.9.4/headroom.min.js
 delete mode 100644 _site/site_libs/jquery-1.11.3/jquery.min.js
 delete mode 100644 _site/site_libs/webcomponents-2.0.0/webcomponents.js
]0;~/git/snippetRclient-172-18-67-60:snippetR antoine$ git commit . -m'move site pages'[K[2Pstatusls[Kcd ../snippetRgit/snippet[Kgit push -u origin master
To https://github.com/aneuraz/snippetR.git
 ! [rejected]        master -> master (fetch first)
error: failed to push some refs to 'https://github.com/aneuraz/snippetR.git'
hint: Updates were rejected because the remote contains work that you do
hint: not have locally. This is usually caused by another repository pushing
hint: to the same ref. You may want to first integrate the remote changes
hint: (e.g., 'git pull ...') before pushing again.
hint: See the 'Note about fast-forwards' in 'git push --help' for details.
]0;~/git/snippetRclient-172-18-67-60:snippetR antoine$ git push
To https://github.com/aneuraz/snippetR.git
 ! [rejected]        master -> master (fetch first)
error: failed to push some refs to 'https://github.com/aneuraz/snippetR.git'
hint: Updates were rejected because the remote contains work that you do
hint: not have locally. This is usually caused by another repository pushing
hint: to the same ref. You may want to first integrate the remote changes
hint: (e.g., 'git pull ...') before pushing again.
hint: See the 'Note about fast-forwards' in 'git push --help' for details.
]0;~/git/snippetRclient-172-18-67-60:snippetR antoine$ git pull
remote: Enumerating objects: 4, done.[K
remote: Counting objects:  25% (1/4)   [Kremote: Counting objects:  50% (2/4)   [Kremote: Counting objects:  75% (3/4)   [Kremote: Counting objects: 100% (4/4)   [Kremote: Counting objects: 100% (4/4), done.[K
remote: Compressing objects:  50% (1/2)   [Kremote: Compressing objects: 100% (2/2)   [Kremote: Compressing objects: 100% (2/2), done.[K
remote: Total 3 (delta 1), reused 0 (delta 0), pack-reused 0[K
Unpacking objects:  33% (1/3)   Unpacking objects:  66% (2/3)   Unpacking objects: 100% (3/3)   Unpacking objects: 100% (3/3), done.
From https://github.com/aneuraz/snippetR
   79d215e..9fe6068  master     -> origin/master
hint: Waiting for your editor to close the file... [?2004h[KMerge made by the 'recursive' strategy.
 .nojekyll | 1 [32m+[m
 1 file changed, 1 insertion(+)
 create mode 100644 .nojekyll
]0;~/git/snippetRclient-172-18-67-60:snippetR antoine$ git pullsh
Counting objects: 16, done.
Delta compression using up to 4 threads.
Compressing objects:   6% (1/16)   Compressing objects:  12% (2/16)   Compressing objects:  18% (3/16)   Compressing objects:  25% (4/16)   Compressing objects:  31% (5/16)   Compressing objects:  37% (6/16)   Compressing objects:  43% (7/16)   Compressing objects:  50% (8/16)   Compressing objects:  56% (9/16)   Compressing objects:  62% (10/16)   Compressing objects:  68% (11/16)   Compressing objects:  75% (12/16)   Compressing objects:  81% (13/16)   Compressing objects:  87% (14/16)   Compressing objects:  93% (15/16)   Compressing objects: 100% (16/16)   Compressing objects: 100% (16/16), done.
Writing objects:   6% (1/16)   Writing objects:  12% (2/16)   Writing objects:  18% (3/16)   Writing objects:  25% (4/16)   Writing objects:  31% (5/16)   Writing objects:  37% (6/16)   Writing objects:  43% (7/16)   Writing objects:  50% (8/16)   Writing objects:  56% (9/16)   Writing objects:  62% (10/16)   Writing objects:  68% (11/16)   Writing objects:  75% (12/16)   Writing objects:  81% (13/16)   Writing objects:  87% (14/16)   Writing objects:  93% (15/16)   Writing objects: 100% (16/16)   Writing objects: 100% (16/16), 4.85 KiB | 993.00 KiB/s, done.
Total 16 (delta 9), reused 0 (delta 0)
remote: Resolving deltas:   0% (0/9)   [Kremote: Resolving deltas:  22% (2/9)   [Kremote: Resolving deltas:  33% (3/9)   [Kremote: Resolving deltas:  44% (4/9)   [Kremote: Resolving deltas:  55% (5/9)   [Kremote: Resolving deltas:  66% (6/9)   [Kremote: Resolving deltas:  77% (7/9)   [Kremote: Resolving deltas:  88% (8/9)   [Kremote: Resolving deltas: 100% (9/9)   [Kremote: Resolving deltas: 100% (9/9), completed with 8 local objects.[K
To https://github.com/aneuraz/snippetR.git
   9fe6068..b6756c7  master -> master
]0;~/git/snippetRclient-172-18-67-60:snippetR antoine$ git add /[K.
]0;~/git/snippetRclient-172-18-67-60:snippetR antoine$ git status
On branch master
Your branch is up to date with 'origin/master'.

Changes to be committed:
  (use "git reset HEAD <file>..." to unstage)

	[32mmodified:   .Rproj.user/95739CD1/console06/1199BEC6[m
	[32mnew file:   docs/about.html[m
	[32mnew file:   docs/index.html[m
	[32mnew file:   docs/posts/2018-10-02-ideal-number-of-bins-for-histograms/citations.bib[m
	[32mnew file:   docs/posts/2018-10-02-ideal-number-of-bins-for-histograms/ideal-number-of-bins-for-histograms_files/figure-html5/unnamed-chunk-6-1.png[m
	[32mnew file:   docs/posts/2018-10-02-ideal-number-of-bins-for-histograms/ideal-number-of-bins-for-histograms_files/figure-html5/unnamed-chunk-7-1.png[m
	[32mnew file:   docs/posts/2018-10-02-ideal-number-of-bins-for-histograms/ideal-number-of-bins-for-histograms_files/figure-html5/unnamed-chunk-8-1.png[m
	[32mnew file:   docs/posts/2018-10-02-ideal-number-of-bins-for-histograms/index.html[m
	[32mnew file:   docs/posts/posts.json[m
	[32mnew file:   docs/site_libs/bowser-1.9.3/bowser.min.js[m
	[32mnew file:   docs/site_libs/distill-2.2.21/template.v2.js[m
	[32mnew file:   docs/site_libs/font-awesome-5.0.13/css/fa-svg-with-js.css[m
	[32mnew file:   docs/site_libs/font-awesome-5.0.13/fonts/fa-brands-400.ttf[m
	[32mnew file:   docs/site_libs/font-awesome-5.0.13/fonts/fa-regular-400.ttf[m
	[32mnew file:   docs/site_libs/font-awesome-5.0.13/fonts/fa-solid-900.ttf[m
	[32mnew file:   docs/site_libs/font-awesome-5.0.13/js/fa-v4-shims.min.js[m
	[32mnew file:   docs/site_libs/font-awesome-5.0.13/js/fontawesome-all.min.js[m
	[32mnew file:   docs/site_libs/headroom-0.9.4/headroom.min.js[m
	[32mnew file:   docs/site_libs/jquery-1.11.3/jquery.min.js[m
	[32mnew file:   docs/site_libs/webcomponents-2.0.0/webcomponents.js[m

Changes not staged for commit:
  (use "git add <file>..." to update what will be committed)
  (use "git checkout -- <file>..." to discard changes in working directory)

	[31mmodified:   .Rproj.user/95739CD1/console06/1199BEC6[m

]0;~/git/snippetRclient-172-18-67-60:snippetR antoine$ git status[1Padd .[1Ppushadd .status[Kgit status[1Padd .[1Ppushllsh -u origin mastercommit . -m'move site pages'[K -m'move site pages'[1P'[1P'[1P'[1P'[1P'[1P'[1P'[1P'[1P'[1P'[1P'[1P'[1P'[1P'[1P'a'd'd' 's'i't' '[1P'e' 'f'i'l'e's'
[master 2ddb236] add site files
 Committer: Antoine Neuraz <antoine@client-172-18-67-60.clients.u-psud.fr>
Your name and email address were configured automatically based
on your username and hostname. Please check that they are accurate.
You can suppress this message by setting them explicitly. Run the
following command and follow the instructions in your editor to edit
your configuration file:

    git config --global --edit

After doing this, you may fix the identity used for this commit with:

    git commit --amend --reset-author

 20 files changed, 5917 insertions(+), 1 deletion(-)
 create mode 100644 docs/about.html
 create mode 100644 docs/index.html
 create mode 100644 docs/posts/2018-10-02-ideal-number-of-bins-for-histograms/citations.bib
 create mode 100644 docs/posts/2018-10-02-ideal-number-of-bins-for-histograms/ideal-number-of-bins-for-histograms_files/figure-html5/unnamed-chunk-6-1.png
 create mode 100644 docs/posts/2018-10-02-ideal-number-of-bins-for-histograms/ideal-number-of-bins-for-histograms_files/figure-html5/unnamed-chunk-7-1.png
 create mode 100644 docs/posts/2018-10-02-ideal-number-of-bins-for-histograms/ideal-number-of-bins-for-histograms_files/figure-html5/unnamed-chunk-8-1.png
 create mode 100644 docs/posts/2018-10-02-ideal-number-of-bins-for-histograms/index.html
 create mode 100644 docs/posts/posts.json
 create mode 100644 docs/site_libs/bowser-1.9.3/bowser.min.js
 create mode 100644 docs/site_libs/distill-2.2.21/template.v2.js
 create mode 100644 docs/site_libs/font-awesome-5.0.13/css/fa-svg-with-js.css
 create mode 100644 docs/site_libs/font-awesome-5.0.13/fonts/fa-brands-400.ttf
 create mode 100644 docs/site_libs/font-awesome-5.0.13/fonts/fa-regular-400.ttf
 create mode 100644 docs/site_libs/font-awesome-5.0.13/fonts/fa-solid-900.ttf
 create mode 100644 docs/site_libs/font-awesome-5.0.13/js/fa-v4-shims.min.js
 create mode 100644 docs/site_libs/font-awesome-5.0.13/js/fontawesome-all.min.js
 create mode 100644 docs/site_libs/headroom-0.9.4/headroom.min.js
 create mode 100644 docs/site_libs/jquery-1.11.3/jquery.min.js
 create mode 100644 docs/site_libs/webcomponents-2.0.0/webcomponents.js
]0;~/git/snippetRclient-172-18-67-60:snippetR antoine$ git commit . -m'add site files'status[K[1Padd .[1Ppush
Counting objects: 27, done.
Delta compression using up to 4 threads.
Compressing objects:   4% (1/24)   Compressing objects:   8% (2/24)   Compressing objects:  12% (3/24)   Compressing objects:  16% (4/24)   Compressing objects:  20% (5/24)   Compressing objects:  25% (6/24)   Compressing objects:  29% (7/24)   Compressing objects:  33% (8/24)   Compressing objects:  37% (9/24)   Compressing objects:  41% (10/24)   Compressing objects:  45% (11/24)   Compressing objects:  50% (12/24)   Compressing objects:  54% (13/24)   Compressing objects:  58% (14/24)   Compressing objects:  62% (15/24)   Compressing objects:  66% (16/24)   Compressing objects:  70% (17/24)   Compressing objects:  75% (18/24)   Compressing objects:  79% (19/24)   Compressing objects:  83% (20/24)   Compressing objects:  87% (21/24)   Compressing objects:  91% (22/24)   Compressing objects:  95% (23/24)   Compressing objects: 100% (24/24)   Compressing objects: 100% (24/24), done.
Writing objects:   3% (1/27)   Writing objects:   7% (2/27)   Writing objects:  11% (3/27)   Writing objects:  14% (4/27)   Writing objects:  18% (5/27)   Writing objects:  22% (6/27)   Writing objects:  25% (7/27)   Writing objects:  29% (8/27)   Writing objects:  33% (9/27)   Writing objects:  37% (10/27)   Writing objects:  40% (11/27)   Writing objects:  44% (12/27)   Writing objects:  48% (13/27)   Writing objects:  51% (14/27)   Writing objects:  55% (15/27)   Writing objects:  59% (16/27)   Writing objects:  62% (17/27)   Writing objects:  66% (18/27)   Writing objects:  70% (19/27)   Writing objects:  74% (20/27)   Writing objects:  77% (21/27)   Writing objects:  81% (22/27)   Writing objects:  85% (23/27)   Writing objects:  88% (24/27)   Writing objects:  92% (25/27)   Writing objects:  96% (26/27)   Writing objects: 100% (27/27)   Writing objects: 100% (27/27), 463.47 KiB | 3.51 MiB/s, done.
Total 27 (delta 5), reused 0 (delta 0)
remote: Resolving deltas:   0% (0/5)   [Kremote: Resolving deltas:  40% (2/5)   [Kremote: Resolving deltas:  60% (3/5)   [Kremote: Resolving deltas:  80% (4/5)   [Kremote: Resolving deltas: 100% (5/5)   [Kremote: Resolving deltas: 100% (5/5), completed with 3 local objects.[K
To https://github.com/aneuraz/snippetR.git
   b6756c7..2ddb236  master -> master
]0;~/git/snippetRclient-172-18-67-60:snippetR antoine$ git add .
]0;~/git/snippetRclient-172-18-67-60:snippetR antoine$ git status
On branch master
Your branch is up to date with 'origin/master'.

Changes to be committed:
  (use "git reset HEAD <file>..." to unstage)

	[32mmodified:   .Rproj.user/95739CD1/console06/1199BEC6[m
	[32mmodified:   .nojekyll[m

Changes not staged for commit:
  (use "git add <file>..." to update what will be committed)
  (use "git checkout -- <file>..." to discard changes in working directory)

	[31mmodified:   .Rproj.user/95739CD1/console06/1199BEC6[m

]0;~/git/snippetRclient-172-18-67-60:snippetR antoine$ add [K[K[K[Knano .gitignore
>]0;~/git/snippetRclient-172-18-67-60:snippetR antoine$ nano .gitignore[5Pgit status
On branch master
Your branch is up to date with 'origin/master'.

Changes to be committed:
  (use "git reset HEAD <file>..." to unstage)

	[32mmodified:   .Rproj.user/95739CD1/console06/1199BEC6[m
	[32mmodified:   .nojekyll[m

Changes not staged for commit:
  (use "git add <file>..." to update what will be committed)
  (use "git checkout -- <file>..." to discard changes in working directory)

	[31mmodified:   .Rproj.user/95739CD1/console06/1199BEC6[m

Untracked files:
  (use "git add <file>..." to include in what will be committed)

	[31m.gitignore[m

]0;~/git/snippetRclient-172-18-67-60:snippetR antoine$ git status[Kgit commit .