rm '.Rproj.user/95739CD1/console06/1199BEC6'
rm '.Rproj.user/95739CD1/console06/1199BEC6.env'
]0;~/git/snippetRclient-172-18-67-60:snippetR antoine$ git commit . [K[K[K[K[K[K[K[K[Kpush
Everything up-to-date
]0;~/git/snippetRclient-172-18-67-60:snippetR antoine$ git push[K[K[K[Kstatus
On branch master
Your branch is up to date with 'origin/master'.

Changes to be committed:
  (use "git reset HEAD <file>..." to unstage)

	[32mdeleted:    .DS_Store[m
	[32mdeleted:    .Rhistory[m
	[32mdeleted:    .Rproj.user/95739CD1/console06/1199BEC6[m
	[32mdeleted:    .Rproj.user/95739CD1/console06/1199BEC6.env[m

]0;~/git/snippetRclient-172-18-67-60:snippetR antoine$ git commit .
